3 156
12 286
3 75
18 229
3 102
22 210
33 0
32 121
